/home/icfoss/STM32CubeIDE/dissolved_oxygen_sensor/c-1_dev_lorawan_end_node_firmware_v2.1-main(3)/c-1_dev_lorawan_end_node_firmware_v2.1-main/Software/LoRaWAN_End_Node/Utilities/lpm/tiny_lpm/stm32_lpm.c:122:6:UTIL_LPM_Init	0	static
/home/icfoss/STM32CubeIDE/dissolved_oxygen_sensor/c-1_dev_lorawan_end_node_firmware_v2.1-main(3)/c-1_dev_lorawan_end_node_firmware_v2.1-main/Software/LoRaWAN_End_Node/Utilities/lpm/tiny_lpm/stm32_lpm.c:129:6:UTIL_LPM_DeInit	0	static
/home/icfoss/STM32CubeIDE/dissolved_oxygen_sensor/c-1_dev_lorawan_end_node_firmware_v2.1-main(3)/c-1_dev_lorawan_end_node_firmware_v2.1-main/Software/LoRaWAN_End_Node/Utilities/lpm/tiny_lpm/stm32_lpm.c:133:6:UTIL_LPM_SetStopMode	8	static,ignoring_inline_asm
/home/icfoss/STM32CubeIDE/dissolved_oxygen_sensor/c-1_dev_lorawan_end_node_firmware_v2.1-main(3)/c-1_dev_lorawan_end_node_firmware_v2.1-main/Software/LoRaWAN_End_Node/Utilities/lpm/tiny_lpm/stm32_lpm.c:158:6:UTIL_LPM_SetOffMode	8	static,ignoring_inline_asm
/home/icfoss/STM32CubeIDE/dissolved_oxygen_sensor/c-1_dev_lorawan_end_node_firmware_v2.1-main(3)/c-1_dev_lorawan_end_node_firmware_v2.1-main/Software/LoRaWAN_End_Node/Utilities/lpm/tiny_lpm/stm32_lpm.c:183:17:UTIL_LPM_GetMode	0	static,ignoring_inline_asm
/home/icfoss/STM32CubeIDE/dissolved_oxygen_sensor/c-1_dev_lorawan_end_node_firmware_v2.1-main(3)/c-1_dev_lorawan_end_node_firmware_v2.1-main/Software/LoRaWAN_End_Node/Utilities/lpm/tiny_lpm/stm32_lpm.c:216:6:UTIL_LPM_EnterLowPower	16	static,ignoring_inline_asm
