/home/icfoss/STM32CubeIDE/dissolved_oxygen_sensor/c-1_dev_lorawan_end_node_firmware_v2.1-main(3)/c-1_dev_lorawan_end_node_firmware_v2.1-main/Software/LoRaWAN_End_Node/Middlewares/Third_Party/LoRaWAN/LmHandler/Packages/LmhpCompliance.c:211:13:LmhpComplianceIsInitialized	0	static
/home/icfoss/STM32CubeIDE/dissolved_oxygen_sensor/c-1_dev_lorawan_end_node_firmware_v2.1-main(3)/c-1_dev_lorawan_end_node_firmware_v2.1-main/Software/LoRaWAN_End_Node/Middlewares/Third_Party/LoRaWAN/LmHandler/Packages/LmhpCompliance.c:216:13:LmhpComplianceIsRunning	0	static
/home/icfoss/STM32CubeIDE/dissolved_oxygen_sensor/c-1_dev_lorawan_end_node_firmware_v2.1-main(3)/c-1_dev_lorawan_end_node_firmware_v2.1-main/Software/LoRaWAN_End_Node/Middlewares/Third_Party/LoRaWAN/LmHandler/Packages/LmhpCompliance.c:521:13:LmhpComplianceProcess	0	static
/home/icfoss/STM32CubeIDE/dissolved_oxygen_sensor/c-1_dev_lorawan_end_node_firmware_v2.1-main(3)/c-1_dev_lorawan_end_node_firmware_v2.1-main/Software/LoRaWAN_End_Node/Middlewares/Third_Party/LoRaWAN/LmHandler/Packages/LmhpCompliance.c:195:13:LmhpComplianceInit	0	static
/home/icfoss/STM32CubeIDE/dissolved_oxygen_sensor/c-1_dev_lorawan_end_node_firmware_v2.1-main(3)/c-1_dev_lorawan_end_node_firmware_v2.1-main/Software/LoRaWAN_End_Node/Middlewares/Third_Party/LoRaWAN/LmHandler/Packages/LmhpCompliance.c:226:13:LmhpComplianceOnMcpsConfirm	0	static
/home/icfoss/STM32CubeIDE/dissolved_oxygen_sensor/c-1_dev_lorawan_end_node_firmware_v2.1-main(3)/c-1_dev_lorawan_end_node_firmware_v2.1-main/Software/LoRaWAN_End_Node/Middlewares/Third_Party/LoRaWAN/LmHandler/Packages/LmhpCompliance.c:242:13:LmhpComplianceOnMlmeConfirm	0	static
/home/icfoss/STM32CubeIDE/dissolved_oxygen_sensor/c-1_dev_lorawan_end_node_firmware_v2.1-main(3)/c-1_dev_lorawan_end_node_firmware_v2.1-main/Software/LoRaWAN_End_Node/Middlewares/Third_Party/LoRaWAN/LmHandler/Packages/LmhpCompliance.c:262:31:LmhpComplianceTxProcess.isra	16	static
/home/icfoss/STM32CubeIDE/dissolved_oxygen_sensor/c-1_dev_lorawan_end_node_firmware_v2.1-main(3)/c-1_dev_lorawan_end_node_firmware_v2.1-main/Software/LoRaWAN_End_Node/Middlewares/Third_Party/LoRaWAN/LmHandler/Packages/LmhpCompliance.c:526:13:OnComplianceTxNextPacketTimerEvent	8	static
/home/icfoss/STM32CubeIDE/dissolved_oxygen_sensor/c-1_dev_lorawan_end_node_firmware_v2.1-main(3)/c-1_dev_lorawan_end_node_firmware_v2.1-main/Software/LoRaWAN_End_Node/Middlewares/Third_Party/LoRaWAN/LmHandler/Packages/LmhpCompliance.c:311:13:LmhpComplianceOnMcpsIndication	64	static
/home/icfoss/STM32CubeIDE/dissolved_oxygen_sensor/c-1_dev_lorawan_end_node_firmware_v2.1-main(3)/c-1_dev_lorawan_end_node_firmware_v2.1-main/Software/LoRaWAN_End_Node/Middlewares/Third_Party/LoRaWAN/LmHandler/Packages/LmhpCompliance.c:190:15:LmhpCompliancePackageFactory	0	static
