/home/icfoss/STM32CubeIDE/dissolved_oxygen_sensor/c-1_dev_lorawan_end_node_firmware_v2.1-main(3)/c-1_dev_lorawan_end_node_firmware_v2.1-main/Software/LoRaWAN_End_Node/Drivers/BSP/B-L072Z-LRWAN1/b-l072z-lrwan1.c:93:10:BSP_GetVersion	0	static
/home/icfoss/STM32CubeIDE/dissolved_oxygen_sensor/c-1_dev_lorawan_end_node_firmware_v2.1-main(3)/c-1_dev_lorawan_end_node_firmware_v2.1-main/Software/LoRaWAN_End_Node/Drivers/BSP/B-L072Z-LRWAN1/b-l072z-lrwan1.c:105:6:BSP_LED_Init	48	static
/home/icfoss/STM32CubeIDE/dissolved_oxygen_sensor/c-1_dev_lorawan_end_node_firmware_v2.1-main(3)/c-1_dev_lorawan_end_node_firmware_v2.1-main/Software/LoRaWAN_End_Node/Drivers/BSP/B-L072Z-LRWAN1/b-l072z-lrwan1.c:128:6:BSP_LED_On	8	static
/home/icfoss/STM32CubeIDE/dissolved_oxygen_sensor/c-1_dev_lorawan_end_node_firmware_v2.1-main(3)/c-1_dev_lorawan_end_node_firmware_v2.1-main/Software/LoRaWAN_End_Node/Drivers/BSP/B-L072Z-LRWAN1/b-l072z-lrwan1.c:140:6:BSP_LED_Off	8	static
/home/icfoss/STM32CubeIDE/dissolved_oxygen_sensor/c-1_dev_lorawan_end_node_firmware_v2.1-main(3)/c-1_dev_lorawan_end_node_firmware_v2.1-main/Software/LoRaWAN_End_Node/Drivers/BSP/B-L072Z-LRWAN1/b-l072z-lrwan1.c:152:6:BSP_LED_Toggle	8	static
/home/icfoss/STM32CubeIDE/dissolved_oxygen_sensor/c-1_dev_lorawan_end_node_firmware_v2.1-main(3)/c-1_dev_lorawan_end_node_firmware_v2.1-main/Software/LoRaWAN_End_Node/Drivers/BSP/B-L072Z-LRWAN1/b-l072z-lrwan1.c:168:6:BSP_PB_Init	40	static
/home/icfoss/STM32CubeIDE/dissolved_oxygen_sensor/c-1_dev_lorawan_end_node_firmware_v2.1-main(3)/c-1_dev_lorawan_end_node_firmware_v2.1-main/Software/LoRaWAN_End_Node/Drivers/BSP/B-L072Z-LRWAN1/b-l072z-lrwan1.c:206:10:BSP_PB_GetState	8	static
