/home/icfoss/STM32CubeIDE/dissolved_oxygen_sensor/c-1_dev_lorawan_end_node_firmware_v2.1-main(3)/c-1_dev_lorawan_end_node_firmware_v2.1-main/Software/LoRaWAN_End_Node/Middlewares/Third_Party/LoRaWAN/Mac/Region/RegionIN865.c:57:13:VerifyRfFreq	8	static
/home/icfoss/STM32CubeIDE/dissolved_oxygen_sensor/c-1_dev_lorawan_end_node_firmware_v2.1-main(3)/c-1_dev_lorawan_end_node_firmware_v2.1-main/Software/LoRaWAN_End_Node/Middlewares/Third_Party/LoRaWAN/Mac/Region/RegionIN865.c:72:20:GetTimeOnAir	40	static
/home/icfoss/STM32CubeIDE/dissolved_oxygen_sensor/c-1_dev_lorawan_end_node_firmware_v2.1-main(3)/c-1_dev_lorawan_end_node_firmware_v2.1-main/Software/LoRaWAN_End_Node/Middlewares/Third_Party/LoRaWAN/Mac/Region/RegionIN865.c:90:12:RegionIN865GetPhyParam	24	static
/home/icfoss/STM32CubeIDE/dissolved_oxygen_sensor/c-1_dev_lorawan_end_node_firmware_v2.1-main(3)/c-1_dev_lorawan_end_node_firmware_v2.1-main/Software/LoRaWAN_End_Node/Middlewares/Third_Party/LoRaWAN/Mac/Region/RegionIN865.c:300:6:RegionIN865SetBandTxDone	24	static
/home/icfoss/STM32CubeIDE/dissolved_oxygen_sensor/c-1_dev_lorawan_end_node_firmware_v2.1-main(3)/c-1_dev_lorawan_end_node_firmware_v2.1-main/Software/LoRaWAN_End_Node/Middlewares/Third_Party/LoRaWAN/Mac/Region/RegionIN865.c:308:6:RegionIN865InitDefaults	48	static
/home/icfoss/STM32CubeIDE/dissolved_oxygen_sensor/c-1_dev_lorawan_end_node_firmware_v2.1-main(3)/c-1_dev_lorawan_end_node_firmware_v2.1-main/Software/LoRaWAN_End_Node/Middlewares/Third_Party/LoRaWAN/Mac/Region/RegionIN865.c:367:6:RegionIN865Verify	8	static
/home/icfoss/STM32CubeIDE/dissolved_oxygen_sensor/c-1_dev_lorawan_end_node_firmware_v2.1-main(3)/c-1_dev_lorawan_end_node_firmware_v2.1-main/Software/LoRaWAN_End_Node/Middlewares/Third_Party/LoRaWAN/Mac/Region/RegionIN865.c:481:6:RegionIN865ChanMaskSet	8	static
/home/icfoss/STM32CubeIDE/dissolved_oxygen_sensor/c-1_dev_lorawan_end_node_firmware_v2.1-main(3)/c-1_dev_lorawan_end_node_firmware_v2.1-main/Software/LoRaWAN_End_Node/Middlewares/Third_Party/LoRaWAN/Mac/Region/RegionIN865.c:505:6:RegionIN865ComputeRxWindowParameters	32	static
/home/icfoss/STM32CubeIDE/dissolved_oxygen_sensor/c-1_dev_lorawan_end_node_firmware_v2.1-main(3)/c-1_dev_lorawan_end_node_firmware_v2.1-main/Software/LoRaWAN_End_Node/Middlewares/Third_Party/LoRaWAN/Mac/Region/RegionIN865.c:527:6:RegionIN865RxConfig	80	static
/home/icfoss/STM32CubeIDE/dissolved_oxygen_sensor/c-1_dev_lorawan_end_node_firmware_v2.1-main(3)/c-1_dev_lorawan_end_node_firmware_v2.1-main/Software/LoRaWAN_End_Node/Middlewares/Third_Party/LoRaWAN/Mac/Region/RegionIN865.c:592:6:RegionIN865TxConfig	88	static
/home/icfoss/STM32CubeIDE/dissolved_oxygen_sensor/c-1_dev_lorawan_end_node_firmware_v2.1-main(3)/c-1_dev_lorawan_end_node_firmware_v2.1-main/Software/LoRaWAN_End_Node/Middlewares/Third_Party/LoRaWAN/Mac/Region/RegionIN865.c:634:9:RegionIN865LinkAdrReq	96	static
/home/icfoss/STM32CubeIDE/dissolved_oxygen_sensor/c-1_dev_lorawan_end_node_firmware_v2.1-main(3)/c-1_dev_lorawan_end_node_firmware_v2.1-main/Software/LoRaWAN_End_Node/Middlewares/Third_Party/LoRaWAN/Mac/Region/RegionIN865.c:748:9:RegionIN865RxParamSetupReq	16	static
/home/icfoss/STM32CubeIDE/dissolved_oxygen_sensor/c-1_dev_lorawan_end_node_firmware_v2.1-main(3)/c-1_dev_lorawan_end_node_firmware_v2.1-main/Software/LoRaWAN_End_Node/Middlewares/Third_Party/LoRaWAN/Mac/Region/RegionIN865.c:830:8:RegionIN865TxParamSetupReq	0	static
/home/icfoss/STM32CubeIDE/dissolved_oxygen_sensor/c-1_dev_lorawan_end_node_firmware_v2.1-main(3)/c-1_dev_lorawan_end_node_firmware_v2.1-main/Software/LoRaWAN_End_Node/Middlewares/Third_Party/LoRaWAN/Mac/Region/RegionIN865.c:836:8:RegionIN865DlChannelReq	8	static
/home/icfoss/STM32CubeIDE/dissolved_oxygen_sensor/c-1_dev_lorawan_end_node_firmware_v2.1-main(3)/c-1_dev_lorawan_end_node_firmware_v2.1-main/Software/LoRaWAN_End_Node/Middlewares/Third_Party/LoRaWAN/Mac/Region/RegionIN865.c:863:8:RegionIN865AlternateDr	0	static
/home/icfoss/STM32CubeIDE/dissolved_oxygen_sensor/c-1_dev_lorawan_end_node_firmware_v2.1-main(3)/c-1_dev_lorawan_end_node_firmware_v2.1-main/Software/LoRaWAN_End_Node/Middlewares/Third_Party/LoRaWAN/Mac/Region/RegionIN865.c:872:17:RegionIN865NextChannel	128	static
/home/icfoss/STM32CubeIDE/dissolved_oxygen_sensor/c-1_dev_lorawan_end_node_firmware_v2.1-main(3)/c-1_dev_lorawan_end_node_firmware_v2.1-main/Software/LoRaWAN_End_Node/Middlewares/Third_Party/LoRaWAN/Mac/Region/RegionIN865.c:927:17:RegionIN865ChannelAdd	32	static
/home/icfoss/STM32CubeIDE/dissolved_oxygen_sensor/c-1_dev_lorawan_end_node_firmware_v2.1-main(3)/c-1_dev_lorawan_end_node_firmware_v2.1-main/Software/LoRaWAN_End_Node/Middlewares/Third_Party/LoRaWAN/Mac/Region/RegionIN865.c:990:6:RegionIN865ChannelsRemove	16	static
/home/icfoss/STM32CubeIDE/dissolved_oxygen_sensor/c-1_dev_lorawan_end_node_firmware_v2.1-main(3)/c-1_dev_lorawan_end_node_firmware_v2.1-main/Software/LoRaWAN_End_Node/Middlewares/Third_Party/LoRaWAN/Mac/Region/RegionIN865.c:420:6:RegionIN865ApplyCFList	48	static
/home/icfoss/STM32CubeIDE/dissolved_oxygen_sensor/c-1_dev_lorawan_end_node_firmware_v2.1-main(3)/c-1_dev_lorawan_end_node_firmware_v2.1-main/Software/LoRaWAN_End_Node/Middlewares/Third_Party/LoRaWAN/Mac/Region/RegionIN865.c:777:8:RegionIN865NewChannelReq	24	static
/home/icfoss/STM32CubeIDE/dissolved_oxygen_sensor/c-1_dev_lorawan_end_node_firmware_v2.1-main(3)/c-1_dev_lorawan_end_node_firmware_v2.1-main/Software/LoRaWAN_End_Node/Middlewares/Third_Party/LoRaWAN/Mac/Region/RegionIN865.c:1009:6:RegionIN865SetContinuousWave	16	static
/home/icfoss/STM32CubeIDE/dissolved_oxygen_sensor/c-1_dev_lorawan_end_node_firmware_v2.1-main(3)/c-1_dev_lorawan_end_node_firmware_v2.1-main/Software/LoRaWAN_End_Node/Middlewares/Third_Party/LoRaWAN/Mac/Region/RegionIN865.c:1023:9:RegionIN865ApplyDrOffset	0	static
/home/icfoss/STM32CubeIDE/dissolved_oxygen_sensor/c-1_dev_lorawan_end_node_firmware_v2.1-main(3)/c-1_dev_lorawan_end_node_firmware_v2.1-main/Software/LoRaWAN_End_Node/Middlewares/Third_Party/LoRaWAN/Mac/Region/RegionIN865.c:1033:6:RegionIN865RxBeaconSetup	32	static
