../Application/pH_sensor/pH.c:107:13:delay_us	0	static
../Application/pH_sensor/pH.c:39:13:DS18B20_SetOutput	32	static
../Application/pH_sensor/pH.c:49:13:DS18B20_SetInput	32	static
../Application/pH_sensor/pH.c:113:16:DS18B20_Reset	8	static
../Application/pH_sensor/pH.c:129:13:DS18B20_Write	16	static
../Application/pH_sensor/pH.c:151:16:DS18B20_Read	16	static
../Application/pH_sensor/pH.c:57:7:DS18B20_ReadTemp	8	static
../Application/pH_sensor/pH.c:80:6:Get_pH_Measurement	16	static
../Application/pH_sensor/pH.c:175:6:pH_Init	32	static
