/home/icfoss/STM32CubeIDE/dissolved_oxygen_sensor/c-1_dev_lorawan_end_node_firmware_v2.1-main(3)/c-1_dev_lorawan_end_node_firmware_v2.1-main/Software/LoRaWAN_End_Node/Drivers/STM32L0xx_HAL_Driver/Src/stm32l0xx_hal_tim_ex.c:82:19:HAL_TIMEx_MasterConfigSynchronization	16	static
/home/icfoss/STM32CubeIDE/dissolved_oxygen_sensor/c-1_dev_lorawan_end_node_firmware_v2.1-main(3)/c-1_dev_lorawan_end_node_firmware_v2.1-main/Software/LoRaWAN_End_Node/Drivers/STM32L0xx_HAL_Driver/Src/stm32l0xx_hal_tim_ex.c:394:19:HAL_TIMEx_RemapConfig	8	static
