/home/icfoss/STM32CubeIDE/dissolved_oxygen_sensor/c-1_dev_lorawan_end_node_firmware_v2.1-main(3)/c-1_dev_lorawan_end_node_firmware_v2.1-main/Software/LoRaWAN_End_Node/Drivers/STM32L0xx_HAL_Driver/Src/stm32l0xx_hal_flash.c:703:13:FLASH_SetErrorCode	12	static
/home/icfoss/STM32CubeIDE/dissolved_oxygen_sensor/c-1_dev_lorawan_end_node_firmware_v2.1-main(3)/c-1_dev_lorawan_end_node_firmware_v2.1-main/Software/LoRaWAN_End_Node/Drivers/STM32L0xx_HAL_Driver/Src/stm32l0xx_hal_flash.c:273:19:HAL_FLASH_Program_IT	16	static
/home/icfoss/STM32CubeIDE/dissolved_oxygen_sensor/c-1_dev_lorawan_end_node_firmware_v2.1-main(3)/c-1_dev_lorawan_end_node_firmware_v2.1-main/Software/LoRaWAN_End_Node/Drivers/STM32L0xx_HAL_Driver/Src/stm32l0xx_hal_flash.c:428:13:HAL_FLASH_EndOfOperationCallback	0	static
/home/icfoss/STM32CubeIDE/dissolved_oxygen_sensor/c-1_dev_lorawan_end_node_firmware_v2.1-main(3)/c-1_dev_lorawan_end_node_firmware_v2.1-main/Software/LoRaWAN_End_Node/Drivers/STM32L0xx_HAL_Driver/Src/stm32l0xx_hal_flash.c:445:13:HAL_FLASH_OperationErrorCallback	0	static
/home/icfoss/STM32CubeIDE/dissolved_oxygen_sensor/c-1_dev_lorawan_end_node_firmware_v2.1-main(3)/c-1_dev_lorawan_end_node_firmware_v2.1-main/Software/LoRaWAN_End_Node/Drivers/STM32L0xx_HAL_Driver/Src/stm32l0xx_hal_flash.c:304:6:HAL_FLASH_IRQHandler	16	static
/home/icfoss/STM32CubeIDE/dissolved_oxygen_sensor/c-1_dev_lorawan_end_node_firmware_v2.1-main(3)/c-1_dev_lorawan_end_node_firmware_v2.1-main/Software/LoRaWAN_End_Node/Drivers/STM32L0xx_HAL_Driver/Src/stm32l0xx_hal_flash.c:478:19:HAL_FLASH_Unlock	0	static,ignoring_inline_asm
/home/icfoss/STM32CubeIDE/dissolved_oxygen_sensor/c-1_dev_lorawan_end_node_firmware_v2.1-main(3)/c-1_dev_lorawan_end_node_firmware_v2.1-main/Software/LoRaWAN_End_Node/Drivers/STM32L0xx_HAL_Driver/Src/stm32l0xx_hal_flash.c:527:19:HAL_FLASH_Lock	0	static
/home/icfoss/STM32CubeIDE/dissolved_oxygen_sensor/c-1_dev_lorawan_end_node_firmware_v2.1-main(3)/c-1_dev_lorawan_end_node_firmware_v2.1-main/Software/LoRaWAN_End_Node/Drivers/STM32L0xx_HAL_Driver/Src/stm32l0xx_hal_flash.c:542:19:HAL_FLASH_OB_Unlock	0	static,ignoring_inline_asm
/home/icfoss/STM32CubeIDE/dissolved_oxygen_sensor/c-1_dev_lorawan_end_node_firmware_v2.1-main(3)/c-1_dev_lorawan_end_node_firmware_v2.1-main/Software/LoRaWAN_End_Node/Drivers/STM32L0xx_HAL_Driver/Src/stm32l0xx_hal_flash.c:579:19:HAL_FLASH_OB_Lock	0	static
/home/icfoss/STM32CubeIDE/dissolved_oxygen_sensor/c-1_dev_lorawan_end_node_firmware_v2.1-main(3)/c-1_dev_lorawan_end_node_firmware_v2.1-main/Software/LoRaWAN_End_Node/Drivers/STM32L0xx_HAL_Driver/Src/stm32l0xx_hal_flash.c:624:10:HAL_FLASH_GetError	0	static
/home/icfoss/STM32CubeIDE/dissolved_oxygen_sensor/c-1_dev_lorawan_end_node_firmware_v2.1-main(3)/c-1_dev_lorawan_end_node_firmware_v2.1-main/Software/LoRaWAN_End_Node/Drivers/STM32L0xx_HAL_Driver/Src/stm32l0xx_hal_flash.c:646:19:FLASH_WaitForLastOperation	16	static
/home/icfoss/STM32CubeIDE/dissolved_oxygen_sensor/c-1_dev_lorawan_end_node_firmware_v2.1-main(3)/c-1_dev_lorawan_end_node_firmware_v2.1-main/Software/LoRaWAN_End_Node/Drivers/STM32L0xx_HAL_Driver/Src/stm32l0xx_hal_flash.c:231:19:HAL_FLASH_Program	16	static
/home/icfoss/STM32CubeIDE/dissolved_oxygen_sensor/c-1_dev_lorawan_end_node_firmware_v2.1-main(3)/c-1_dev_lorawan_end_node_firmware_v2.1-main/Software/LoRaWAN_End_Node/Drivers/STM32L0xx_HAL_Driver/Src/stm32l0xx_hal_flash.c:592:19:HAL_FLASH_OB_Launch	8	static
