/home/icfoss/STM32CubeIDE/dissolved_oxygen_sensor/c-1_dev_lorawan_end_node_firmware_v2.1-main(3)/c-1_dev_lorawan_end_node_firmware_v2.1-main/Software/LoRaWAN_End_Node/Drivers/STM32L0xx_HAL_Driver/Src/stm32l0xx_hal_i2c_ex.c:97:19:HAL_I2CEx_ConfigAnalogFilter	20	static
/home/icfoss/STM32CubeIDE/dissolved_oxygen_sensor/c-1_dev_lorawan_end_node_firmware_v2.1-main(3)/c-1_dev_lorawan_end_node_firmware_v2.1-main/Software/LoRaWAN_End_Node/Drivers/STM32L0xx_HAL_Driver/Src/stm32l0xx_hal_i2c_ex.c:141:19:HAL_I2CEx_ConfigDigitalFilter	20	static
/home/icfoss/STM32CubeIDE/dissolved_oxygen_sensor/c-1_dev_lorawan_end_node_firmware_v2.1-main(3)/c-1_dev_lorawan_end_node_firmware_v2.1-main/Software/LoRaWAN_End_Node/Drivers/STM32L0xx_HAL_Driver/Src/stm32l0xx_hal_i2c_ex.c:192:19:HAL_I2CEx_EnableWakeUp	16	static
/home/icfoss/STM32CubeIDE/dissolved_oxygen_sensor/c-1_dev_lorawan_end_node_firmware_v2.1-main(3)/c-1_dev_lorawan_end_node_firmware_v2.1-main/Software/LoRaWAN_End_Node/Drivers/STM32L0xx_HAL_Driver/Src/stm32l0xx_hal_i2c_ex.c:231:19:HAL_I2CEx_DisableWakeUp	16	static
/home/icfoss/STM32CubeIDE/dissolved_oxygen_sensor/c-1_dev_lorawan_end_node_firmware_v2.1-main(3)/c-1_dev_lorawan_end_node_firmware_v2.1-main/Software/LoRaWAN_End_Node/Drivers/STM32L0xx_HAL_Driver/Src/stm32l0xx_hal_i2c_ex.c:280:6:HAL_I2CEx_EnableFastModePlus	0	static
/home/icfoss/STM32CubeIDE/dissolved_oxygen_sensor/c-1_dev_lorawan_end_node_firmware_v2.1-main(3)/c-1_dev_lorawan_end_node_firmware_v2.1-main/Software/LoRaWAN_End_Node/Drivers/STM32L0xx_HAL_Driver/Src/stm32l0xx_hal_i2c_ex.c:307:6:HAL_I2CEx_DisableFastModePlus	0	static
