/home/icfoss/STM32CubeIDE/dissolved_oxygen_sensor/c-1_dev_lorawan_end_node_firmware_v2.1-main(3)/c-1_dev_lorawan_end_node_firmware_v2.1-main/Software/LoRaWAN_End_Node/Core/Src/adc.c:30:6:MX_ADC_Init	8	static
/home/icfoss/STM32CubeIDE/dissolved_oxygen_sensor/c-1_dev_lorawan_end_node_firmware_v2.1-main(3)/c-1_dev_lorawan_end_node_firmware_v2.1-main/Software/LoRaWAN_End_Node/Core/Src/adc.c:74:6:HAL_ADC_MspInit	0	static
/home/icfoss/STM32CubeIDE/dissolved_oxygen_sensor/c-1_dev_lorawan_end_node_firmware_v2.1-main(3)/c-1_dev_lorawan_end_node_firmware_v2.1-main/Software/LoRaWAN_End_Node/Core/Src/adc.c:90:6:HAL_ADC_MspDeInit	0	static
