/home/icfoss/STM32CubeIDE/dissolved_oxygen_sensor/c-1_dev_lorawan_end_node_firmware_v2.1-main(3)/c-1_dev_lorawan_end_node_firmware_v2.1-main/Software/LoRaWAN_End_Node/Core/Src/main.c:157:6:Error_Handler	1
/home/icfoss/STM32CubeIDE/dissolved_oxygen_sensor/c-1_dev_lorawan_end_node_firmware_v2.1-main(3)/c-1_dev_lorawan_end_node_firmware_v2.1-main/Software/LoRaWAN_End_Node/Core/Src/main.c:109:6:SystemClock_Config	3
/home/icfoss/STM32CubeIDE/dissolved_oxygen_sensor/c-1_dev_lorawan_end_node_firmware_v2.1-main(3)/c-1_dev_lorawan_end_node_firmware_v2.1-main/Software/LoRaWAN_End_Node/Core/Src/main.c:65:5:main	1
