/home/icfoss/STM32CubeIDE/dissolved_oxygen_sensor/c-1_dev_lorawan_end_node_firmware_v2.1-main(3)/c-1_dev_lorawan_end_node_firmware_v2.1-main/Software/LoRaWAN_End_Node/Core/Src/rtc.c:30:6:MX_RTC_Init	80	static
/home/icfoss/STM32CubeIDE/dissolved_oxygen_sensor/c-1_dev_lorawan_end_node_firmware_v2.1-main(3)/c-1_dev_lorawan_end_node_firmware_v2.1-main/Software/LoRaWAN_End_Node/Core/Src/rtc.c:109:6:HAL_RTC_MspInit	64	static
/home/icfoss/STM32CubeIDE/dissolved_oxygen_sensor/c-1_dev_lorawan_end_node_firmware_v2.1-main(3)/c-1_dev_lorawan_end_node_firmware_v2.1-main/Software/LoRaWAN_End_Node/Core/Src/rtc.c:142:6:HAL_RTC_MspDeInit	8	static
