/home/icfoss/STM32CubeIDE/dissolved_oxygen_sensor/c-1_dev_lorawan_end_node_firmware_v2.1-main(3)/c-1_dev_lorawan_end_node_firmware_v2.1-main/Software/LoRaWAN_End_Node/Drivers/BSP/CMWX1ZZABZ_0xx/cmwx1zzabz_0xx.c:142:10:CMWX1ZZABZ0XX_RADIO_GetWakeUpTime	0	static
/home/icfoss/STM32CubeIDE/dissolved_oxygen_sensor/c-1_dev_lorawan_end_node_firmware_v2.1-main(3)/c-1_dev_lorawan_end_node_firmware_v2.1-main/Software/LoRaWAN_End_Node/Drivers/BSP/CMWX1ZZABZ_0xx/cmwx1zzabz_0xx.c:147:6:CMWX1ZZABZ0XX_RADIO_SetXO	8	static
/home/icfoss/STM32CubeIDE/dissolved_oxygen_sensor/c-1_dev_lorawan_end_node_firmware_v2.1-main(3)/c-1_dev_lorawan_end_node_firmware_v2.1-main/Software/LoRaWAN_End_Node/Drivers/BSP/CMWX1ZZABZ_0xx/cmwx1zzabz_0xx.c:161:6:CMWX1ZZABZ0XX_RADIO_IoInit	112	static
/home/icfoss/STM32CubeIDE/dissolved_oxygen_sensor/c-1_dev_lorawan_end_node_firmware_v2.1-main(3)/c-1_dev_lorawan_end_node_firmware_v2.1-main/Software/LoRaWAN_End_Node/Drivers/BSP/CMWX1ZZABZ_0xx/cmwx1zzabz_0xx.c:228:6:CMWX1ZZABZ0XX_RADIO_IoDeInit	64	static
/home/icfoss/STM32CubeIDE/dissolved_oxygen_sensor/c-1_dev_lorawan_end_node_firmware_v2.1-main(3)/c-1_dev_lorawan_end_node_firmware_v2.1-main/Software/LoRaWAN_End_Node/Drivers/BSP/CMWX1ZZABZ_0xx/cmwx1zzabz_0xx.c:253:6:CMWX1ZZABZ0XX_RADIO_IoIrqInit	32	static,ignoring_inline_asm
/home/icfoss/STM32CubeIDE/dissolved_oxygen_sensor/c-1_dev_lorawan_end_node_firmware_v2.1-main(3)/c-1_dev_lorawan_end_node_firmware_v2.1-main/Software/LoRaWAN_End_Node/Drivers/BSP/CMWX1ZZABZ_0xx/cmwx1zzabz_0xx.c:272:6:CMWX1ZZABZ0XX_RADIO_IRQHandler	8	static
/home/icfoss/STM32CubeIDE/dissolved_oxygen_sensor/c-1_dev_lorawan_end_node_firmware_v2.1-main(3)/c-1_dev_lorawan_end_node_firmware_v2.1-main/Software/LoRaWAN_End_Node/Drivers/BSP/CMWX1ZZABZ_0xx/cmwx1zzabz_0xx.c:277:18:CMWX1ZZABZ0XX_RADIO_GetPaSelect	0	static
/home/icfoss/STM32CubeIDE/dissolved_oxygen_sensor/c-1_dev_lorawan_end_node_firmware_v2.1-main(3)/c-1_dev_lorawan_end_node_firmware_v2.1-main/Software/LoRaWAN_End_Node/Drivers/BSP/CMWX1ZZABZ_0xx/cmwx1zzabz_0xx.c:284:6:CMWX1ZZABZ0XX_RADIO_SetAntSw	8	static
/home/icfoss/STM32CubeIDE/dissolved_oxygen_sensor/c-1_dev_lorawan_end_node_firmware_v2.1-main(3)/c-1_dev_lorawan_end_node_firmware_v2.1-main/Software/LoRaWAN_End_Node/Drivers/BSP/CMWX1ZZABZ_0xx/cmwx1zzabz_0xx.c:322:6:CMWX1ZZABZ0XX_RADIO_CheckRfFrequency	0	static
/home/icfoss/STM32CubeIDE/dissolved_oxygen_sensor/c-1_dev_lorawan_end_node_firmware_v2.1-main(3)/c-1_dev_lorawan_end_node_firmware_v2.1-main/Software/LoRaWAN_End_Node/Drivers/BSP/CMWX1ZZABZ_0xx/cmwx1zzabz_0xx.c:328:6:CMWX1ZZABZ0XX_RADIO_Reset	40	static
/home/icfoss/STM32CubeIDE/dissolved_oxygen_sensor/c-1_dev_lorawan_end_node_firmware_v2.1-main(3)/c-1_dev_lorawan_end_node_firmware_v2.1-main/Software/LoRaWAN_End_Node/Drivers/BSP/CMWX1ZZABZ_0xx/cmwx1zzabz_0xx.c:354:6:CMWX1ZZABZ0XX_RADIO_Bus_Init	8	static
/home/icfoss/STM32CubeIDE/dissolved_oxygen_sensor/c-1_dev_lorawan_end_node_firmware_v2.1-main(3)/c-1_dev_lorawan_end_node_firmware_v2.1-main/Software/LoRaWAN_End_Node/Drivers/BSP/CMWX1ZZABZ_0xx/cmwx1zzabz_0xx.c:359:6:CMWX1ZZABZ0XX_RADIO_Bus_deInit	8	static
/home/icfoss/STM32CubeIDE/dissolved_oxygen_sensor/c-1_dev_lorawan_end_node_firmware_v2.1-main(3)/c-1_dev_lorawan_end_node_firmware_v2.1-main/Software/LoRaWAN_End_Node/Drivers/BSP/CMWX1ZZABZ_0xx/cmwx1zzabz_0xx.c:369:10:CMWX1ZZABZ0XX_RADIO_SendRecv	24	static
/home/icfoss/STM32CubeIDE/dissolved_oxygen_sensor/c-1_dev_lorawan_end_node_firmware_v2.1-main(3)/c-1_dev_lorawan_end_node_firmware_v2.1-main/Software/LoRaWAN_End_Node/Drivers/BSP/CMWX1ZZABZ_0xx/cmwx1zzabz_0xx.c:379:6:CMWX1ZZABZ0XX_RADIO_ChipSelect	8	static
/home/icfoss/STM32CubeIDE/dissolved_oxygen_sensor/c-1_dev_lorawan_end_node_firmware_v2.1-main(3)/c-1_dev_lorawan_end_node_firmware_v2.1-main/Software/LoRaWAN_End_Node/Drivers/BSP/CMWX1ZZABZ_0xx/cmwx1zzabz_0xx.c:391:10:CMWX1ZZABZ0XX_RADIO_GetDio1PinState	8	static
