../Application/do_sensor/do_sensor.c:106:13:delay_us	0	static
../Application/do_sensor/do_sensor.c:46:13:DS18B20_SetOutput	32	static
../Application/do_sensor/do_sensor.c:56:13:DS18B20_SetInput	32	static
../Application/do_sensor/do_sensor.c:114:16:DS18B20_Reset	8	static
../Application/do_sensor/do_sensor.c:130:13:DS18B20_Write	16	static
../Application/do_sensor/do_sensor.c:152:16:DS18B20_Read	16	static
../Application/do_sensor/do_sensor.c:67:7:Sensors_ReadTemperature	8	static
../Application/do_sensor/do_sensor.c:89:7:Sensors_ReadVoltage	8	static
../Application/do_sensor/do_sensor.c:95:7:Sensors_ReadDO	16	static
../Application/do_sensor/do_sensor.c:175:6:Sensors_Init	32	static
